env: load .env.local .env
env: export EXPO_NO_DEPENDENCY_VALIDATION EXPO_OFFLINE EXPO_PUBLIC_API_URL
› Building app...
Downloading https://services.gradle.org/distributions/gradle-8.10.1-bin.zip
.............10%.............20%.............30%.............40%.............50%.............60%.............70%.............80%.............90%.............100%

Welcome to Gradle 8.10.1!

Here are the highlights of this release:
 - Support for Java 23
 - Faster configuration cache
 - Better configuration cache reports

For more details see https://docs.gradle.org/8.10.1/release-notes.html

Starting a Gradle Daemon, 2 stopped Daemons could not be reused, use --status for details
Configuration on demand is an incubating feature.

FAILURE: Build failed with an exception.

* What went wrong:
BUG! exception in phase 'semantic analysis' in source unit '_BuildScript_' Unsupported class file major version 69
> Unsupported class file major version 69

* Try:
> Run with --stacktrace option to get the stack trace.
> Run with --info or --debug option to get more log output.
> Run with --scan to get full insights.
> Get more help at https://help.gradle.org.

BUILD FAILED in 1m 13s
Error: /Users/wangodafrancis/Desktop/AttendPay-App/android/gradlew app:assembleDebug -x lint -x test --configure-on-demand --build-cache -PreactNativeDevServerPort=8081 -PreactNativeArchitectures=arm64-v8a exited with non-zero code: 1
Error: /Users/wangodafrancis/Desktop/AttendPay-App/android/gradlew app:assembleDebug -x lint -x test --configure-on-demand --build-cache -PreactNativeDevServerPort=8081 -PreactNativeArchitectures=arm64-v8a exited with non-zero code: 1
    at ChildProcess.completionListener (/Users/wangodafrancis/Desktop/AttendPay-App/node_modules/@expo/spawn-async/build/spawnAsync.js:113:23)
    at Object.onceWrapper (node:events:633:26)
    at ChildProcess.emit (node:events:518:28)
    at ChildProcess._handle.onexit (node:internal/child_process:293:12)
    ...
    at spawnAsync (/Users/wangodafrancis/Desktop/AttendPay-App/node_modules/@expo/spawn-async/build/spawnAsync.js:9:23)
    at spawnGradleAsync (/Users/wangodafrancis/Desktop/AttendPay-App/node_modules/expo/node_modules/@expo/cli/build/src/start/platforms/android/gradle.js:107:48)
    at assembleAsync (/Users/wangodafrancis/Desktop/AttendPay-App/node_modules/expo/node_modules/@expo/cli/build/src/start/platforms/android/gradle.js:82:18)
    at runAndroidAsync (/Users/wangodafrancis/Desktop/AttendPay-App/node_modules/expo/node_modules/@expo/cli/build/src/run/android/runAndroidAsync.js:85:41)
